<html>
<body>
<pre>
<h1>µVision Build Log</h1>
<h2>Project:</h2>
C:\Users\Administrator\Desktop\ILI9325\USER\STM32-DEMO.uvproj
Project File Date:  08/07/2016

<h2>Output:</h2>
Build target 'Target 1'
compiling main.c...
compiling stm32f10x_it.c...
compiling stm32f10x_gpio.c...
compiling stm32f10x_rcc.c...
compiling stm32f10x_fsmc.c...
compiling core_cm3.c...
compiling system_stm32f10x.c...
compiling lcd.c...
compiling sys.c...
compiling systick.c...
linking...
..\Output\STM32-DEMO.axf: Error: L6218E: Undefined symbol NVIC_PriorityGroupConfig (referred from sys.o).
..\Output\STM32-DEMO.axf: Not enough information to list image symbols.
..\Output\STM32-DEMO.axf: Finished: 1 information, 0 warning and 1 error messages.
Target not created
Build target 'Target 1'
compiling misc.c...
linking...
Program Size: Code=612 RO-data=336 RW-data=20 ZI-data=1028  
FromELF: creating hex file...
"..\Output\STM32-DEMO.axf" - 0 Error(s), 0 Warning(s).
Build target 'Target 1'
compiling main.c...
linking...
Program Size: Code=612 RO-data=336 RW-data=20 ZI-data=1028  
FromELF: creating hex file...
"..\Output\STM32-DEMO.axf" - 0 Error(s), 0 Warning(s).
Build target 'Target 1'
compiling main.c...
linking...
Program Size: Code=22894 RO-data=2998 RW-data=44 ZI-data=1044  
FromELF: creating hex file...
"..\Output\STM32-DEMO.axf" - 0 Error(s), 0 Warning(s).
Build target 'Target 1'
assembling startup_stm32f10x_hd.s...
compiling main.c...
compiling stm32f10x_it.c...
compiling stm32f10x_gpio.c...
compiling stm32f10x_rcc.c...
compiling stm32f10x_fsmc.c...
compiling misc.c...
compiling core_cm3.c...
compiling system_stm32f10x.c...
compiling lcd.c...
compiling sys.c...
compiling systick.c...
linking...
Program Size: Code=22894 RO-data=2998 RW-data=44 ZI-data=1044  
FromELF: creating hex file...
"..\Output\STM32-DEMO.axf" - 0 Error(s), 0 Warning(s).
Build target 'Target 1'
assembling startup_stm32f10x_hd.s...
compiling main.c...
compiling stm32f10x_it.c...
compiling stm32f10x_gpio.c...
compiling stm32f10x_rcc.c...
compiling stm32f10x_fsmc.c...
compiling misc.c...
compiling core_cm3.c...
compiling system_stm32f10x.c...
compiling lcd.c...
compiling sys.c...
compiling systick.c...
linking...
Program Size: Code=22898 RO-data=2998 RW-data=44 ZI-data=1044  
FromELF: creating hex file...
"..\Output\STM32-DEMO.axf" - 0 Error(s), 0 Warning(s).
Build target 'Target 1'
assembling startup_stm32f10x_hd.s...
compiling main.c...
compiling stm32f10x_it.c...
compiling stm32f10x_gpio.c...
compiling stm32f10x_rcc.c...
compiling stm32f10x_fsmc.c...
compiling misc.c...
compiling core_cm3.c...
compiling system_stm32f10x.c...
compiling lcd.c...
compiling sys.c...
compiling systick.c...
linking...
Program Size: Code=22882 RO-data=2998 RW-data=44 ZI-data=1044  
FromELF: creating hex file...
"..\Output\STM32-DEMO.axf" - 0 Error(s), 0 Warning(s).
Build target 'Target 1'
assembling startup_stm32f10x_hd.s...
compiling main.c...
compiling stm32f10x_it.c...
compiling stm32f10x_gpio.c...
compiling stm32f10x_rcc.c...
compiling stm32f10x_fsmc.c...
compiling misc.c...
compiling core_cm3.c...
compiling system_stm32f10x.c...
compiling lcd.c...
compiling sys.c...
compiling systick.c...
linking...
Program Size: Code=22886 RO-data=2998 RW-data=44 ZI-data=1044  
FromELF: creating hex file...
"..\Output\STM32-DEMO.axf" - 0 Error(s), 0 Warning(s).
Build target 'Target 1'
assembling startup_stm32f10x_hd.s...
compiling main.c...
compiling stm32f10x_it.c...
compiling stm32f10x_gpio.c...
compiling stm32f10x_rcc.c...
compiling stm32f10x_fsmc.c...
compiling misc.c...
compiling core_cm3.c...
compiling system_stm32f10x.c...
compiling lcd.c...
compiling sys.c...
compiling systick.c...
linking...
Program Size: Code=22886 RO-data=2998 RW-data=44 ZI-data=1044  
FromELF: creating hex file...
"..\Output\STM32-DEMO.axf" - 0 Error(s), 0 Warning(s).
Build target 'Target 1'
assembling startup_stm32f10x_hd.s...
compiling main.c...
compiling stm32f10x_it.c...
compiling stm32f10x_gpio.c...
compiling stm32f10x_rcc.c...
compiling stm32f10x_fsmc.c...
compiling misc.c...
compiling core_cm3.c...
compiling system_stm32f10x.c...
compiling lcd.c...
compiling sys.c...
compiling systick.c...
linking...
Program Size: Code=22890 RO-data=2998 RW-data=44 ZI-data=1044  
FromELF: creating hex file...
"..\Output\STM32-DEMO.axf" - 0 Error(s), 0 Warning(s).
