ARM Linker, 4.1 [Build 481] [Evaluation]

==============================================================================

Section Cross References

    startup_stm32f10x_hd.o(RESET) refers to startup_stm32f10x_hd.o(STACK) for __initial_sp
    startup_stm32f10x_hd.o(RESET) refers to startup_stm32f10x_hd.o(.text) for Reset_Handler
    startup_stm32f10x_hd.o(RESET) refers to stm32f10x_it.o(.text) for NMI_Handler
    startup_stm32f10x_hd.o(.text) refers to system_stm32f10x.o(.text) for SystemInit
    startup_stm32f10x_hd.o(.text) refers to entry.o(.ARM.Collect$$$$00000000) for __main
    main.o(.text) refers to sys.o(.text) for NVIC_Configuration
    main.o(.text) refers to lcd.o(.text) for LCD_Init
    main.o(.text) refers to lcd.o(.data) for POINT_COLOR
    stm32f10x_gpio.o(.text) refers to stm32f10x_rcc.o(.text) for RCC_APB2PeriphResetCmd
    stm32f10x_rcc.o(.text) refers to stm32f10x_rcc.o(.data) for APBAHBPrescTable
    system_stm32f10x.o(.text) refers to system_stm32f10x.o(.data) for SystemCoreClock
    lcd.o(.text) refers to systick.o(.text) for delay_us
    lcd.o(.text) refers to lcd.o(.bss) for lcddev
    lcd.o(.text) refers to lcd.o(.data) for POINT_COLOR
    lcd.o(.text) refers to stm32f10x_rcc.o(.text) for RCC_AHBPeriphClockCmd
    lcd.o(.text) refers to stm32f10x_gpio.o(.text) for GPIO_Init
    lcd.o(.text) refers to stm32f10x_fsmc.o(.text) for FSMC_NORSRAMInit
    lcd.o(.text) refers to lcd.o(.constdata) for asc2_1206
    sys.o(.text) refers to misc.o(.text) for NVIC_PriorityGroupConfig
    entry.o(.ARM.Collect$$$$00000000) refers (Special) to entry7.o(.ARM.Collect$$$$00000007) for _main_init
    entry.o(.ARM.Collect$$$$00000000) refers (Special) to entry5.o(.ARM.Collect$$$$00000004) for _main_scatterload
    entry.o(.ARM.Collect$$$$00000000) refers (Special) to entry2.o(.ARM.Collect$$$$00000001) for _main_stk
    entry2.o(.ARM.Collect$$$$00000001) refers to entry2.o(.ARM.Collect$$$$00002712) for __lit__00000000
    entry2.o(.ARM.Collect$$$$00002712) refers to startup_stm32f10x_hd.o(STACK) for __initial_sp
    entry2.o(__vectab_stack_and_reset_area) refers to startup_stm32f10x_hd.o(STACK) for __initial_sp
    entry2.o(__vectab_stack_and_reset_area) refers to entry.o(.ARM.Collect$$$$00000000) for __main
    entry5.o(.ARM.Collect$$$$00000004) refers to init.o(.text) for __scatterload
    entry7.o(.ARM.Collect$$$$00000007) refers to main.o(.text) for main
    init.o(.text) refers to entry5.o(.ARM.Collect$$$$00000004) for __main_after_scatterload


==============================================================================

Removing Unused input sections from the image.

    Removing startup_stm32f10x_hd.o(HEAP), (512 bytes).
    Removing core_cm3.o(.emb_text), (32 bytes).

2 unused section(s) (total 544 bytes) removed from the image.

==============================================================================

Image Symbol Table

    Local Symbols

    Symbol Name                              Value     Ov Type        Size  Object(Section)

    ../../microlib/init/entry.s              0x00000000   Number         0  entry.o ABSOLUTE
    ../../microlib/init/entry.s              0x00000000   Number         0  entry7.o ABSOLUTE
    ../../microlib/init/entry.s              0x00000000   Number         0  entry5.o ABSOLUTE
    ../../microlib/init/entry.s              0x00000000   Number         0  entry2.o ABSOLUTE
    ..\APP\LCD\lcd.c                         0x00000000   Number         0  lcd.o ABSOLUTE
    ..\CMSIS\core_cm3.c                      0x00000000   Number         0  core_cm3.o ABSOLUTE
    ..\CMSIS\startup\startup_stm32f10x_hd.s  0x00000000   Number         0  startup_stm32f10x_hd.o ABSOLUTE
    ..\CMSIS\system_stm32f10x.c              0x00000000   Number         0  system_stm32f10x.o ABSOLUTE
    ..\FWlib\src\misc.c                      0x00000000   Number         0  misc.o ABSOLUTE
    ..\FWlib\src\stm32f10x_fsmc.c            0x00000000   Number         0  stm32f10x_fsmc.o ABSOLUTE
    ..\FWlib\src\stm32f10x_gpio.c            0x00000000   Number         0  stm32f10x_gpio.o ABSOLUTE
    ..\FWlib\src\stm32f10x_rcc.c             0x00000000   Number         0  stm32f10x_rcc.o ABSOLUTE
    ..\\CMSIS\\core_cm3.c                    0x00000000   Number         0  core_cm3.o ABSOLUTE
    ..\system\sys\sys.c                      0x00000000   Number         0  sys.o ABSOLUTE
    ..\system\systick\systick.c              0x00000000   Number         0  systick.o ABSOLUTE
    dc.s                                     0x00000000   Number         0  dc.o ABSOLUTE
    handlers.s                               0x00000000   Number         0  handlers.o ABSOLUTE
    init.s                                   0x00000000   Number         0  init.o ABSOLUTE
    main.c                                   0x00000000   Number         0  main.o ABSOLUTE
    stm32f10x_it.c                           0x00000000   Number         0  stm32f10x_it.o ABSOLUTE
    RESET                                    0x08000000   Section      304  startup_stm32f10x_hd.o(RESET)
    .ARM.Collect$$$$00000000                 0x08000130   Section        0  entry.o(.ARM.Collect$$$$00000000)
    .ARM.Collect$$$$00000001                 0x08000130   Section        4  entry2.o(.ARM.Collect$$$$00000001)
    .ARM.Collect$$$$00000004                 0x08000134   Section        4  entry5.o(.ARM.Collect$$$$00000004)
    .ARM.Collect$$$$00000007                 0x08000138   Section        8  entry7.o(.ARM.Collect$$$$00000007)
    .ARM.Collect$$$$00002712                 0x08000140   Section        4  entry2.o(.ARM.Collect$$$$00002712)
    __lit__00000000                          0x08000140   Data           4  entry2.o(.ARM.Collect$$$$00002712)
    .text                                    0x08000144   Section       36  startup_stm32f10x_hd.o(.text)
    .text                                    0x08000168   Section        0  main.o(.text)
    .text                                    0x080001f4   Section        0  stm32f10x_it.o(.text)
    .text                                    0x08000210   Section        0  stm32f10x_gpio.o(.text)
    .text                                    0x08000568   Section        0  stm32f10x_rcc.o(.text)
    .text                                    0x0800090c   Section        0  stm32f10x_fsmc.o(.text)
    .text                                    0x08000f24   Section        0  misc.o(.text)
    .text                                    0x0800101c   Section        0  system_stm32f10x.o(.text)
    SetSysClockTo72                          0x0800101d   Thumb Code   192  system_stm32f10x.o(.text)
    SetSysClock                              0x080010dd   Thumb Code     8  system_stm32f10x.o(.text)
    .text                                    0x080011e4   Section        0  lcd.o(.text)
    .text                                    0x080059e2   Section        0  sys.o(.text)
    .text                                    0x080059ee   Section        0  systick.o(.text)
    .text                                    0x08005a58   Section       36  init.o(.text)
    i.__scatterload_copy                     0x08005a7c   Section       14  handlers.o(i.__scatterload_copy)
    i.__scatterload_null                     0x08005a8a   Section        2  handlers.o(i.__scatterload_null)
    i.__scatterload_zeroinit                 0x08005a8c   Section       14  handlers.o(i.__scatterload_zeroinit)
    .constdata                               0x08005a9a   Section     2660  lcd.o(.constdata)
    .data                                    0x20000000   Section       20  stm32f10x_rcc.o(.data)
    APBAHBPrescTable                         0x20000000   Data          16  stm32f10x_rcc.o(.data)
    ADCPrescTable                            0x20000010   Data           4  stm32f10x_rcc.o(.data)
    .data                                    0x20000014   Section       20  system_stm32f10x.o(.data)
    .data                                    0x20000028   Section        4  lcd.o(.data)
    .bss                                     0x2000002c   Section       14  lcd.o(.bss)
    STACK                                    0x20000040   Section     1024  startup_stm32f10x_hd.o(STACK)

    Global Symbols

    Symbol Name                              Value     Ov Type        Size  Object(Section)

    BuildAttributes$$THM_ISAv4$P$D$K$B$S$PE$A:L22UL41UL21$X:L11$S22US41US21$IEEE1$IW$USESV6$~STKCKD$USESV7$~SHL$OSPACE$EBA8$MICROLIB$REQ8$PRES8$EABIv2 0x00000000   Number         0  anon$$obj.o ABSOLUTE
    __ARM_use_no_argv                        0x00000000   Number         0  main.o ABSOLUTE
    __decompress                              - Undefined Weak Reference
    __Vectors_Size                           0x00000130   Number         0  startup_stm32f10x_hd.o ABSOLUTE
    __Vectors                                0x08000000   Data           4  startup_stm32f10x_hd.o(RESET)
    __Vectors_End                            0x08000130   Data           0  startup_stm32f10x_hd.o(RESET)
    __main                                   0x08000131   Thumb Code     0  entry.o(.ARM.Collect$$$$00000000)
    _main_stk                                0x08000131   Thumb Code     0  entry2.o(.ARM.Collect$$$$00000001)
    _main_scatterload                        0x08000135   Thumb Code     0  entry5.o(.ARM.Collect$$$$00000004)
    __main_after_scatterload                 0x08000139   Thumb Code     0  entry5.o(.ARM.Collect$$$$00000004)
    _main_init                               0x08000139   Thumb Code     0  entry7.o(.ARM.Collect$$$$00000007)
    Reset_Handler                            0x08000145   Thumb Code     8  startup_stm32f10x_hd.o(.text)
    ADC1_2_IRQHandler                        0x0800015f   Thumb Code     0  startup_stm32f10x_hd.o(.text)
    ADC3_IRQHandler                          0x0800015f   Thumb Code     0  startup_stm32f10x_hd.o(.text)
    CAN1_RX1_IRQHandler                      0x0800015f   Thumb Code     0  startup_stm32f10x_hd.o(.text)
    CAN1_SCE_IRQHandler                      0x0800015f   Thumb Code     0  startup_stm32f10x_hd.o(.text)
    DMA1_Channel1_IRQHandler                 0x0800015f   Thumb Code     0  startup_stm32f10x_hd.o(.text)
    DMA1_Channel2_IRQHandler                 0x0800015f   Thumb Code     0  startup_stm32f10x_hd.o(.text)
    DMA1_Channel3_IRQHandler                 0x0800015f   Thumb Code     0  startup_stm32f10x_hd.o(.text)
    DMA1_Channel4_IRQHandler                 0x0800015f   Thumb Code     0  startup_stm32f10x_hd.o(.text)
    DMA1_Channel5_IRQHandler                 0x0800015f   Thumb Code     0  startup_stm32f10x_hd.o(.text)
    DMA1_Channel6_IRQHandler                 0x0800015f   Thumb Code     0  startup_stm32f10x_hd.o(.text)
    DMA1_Channel7_IRQHandler                 0x0800015f   Thumb Code     0  startup_stm32f10x_hd.o(.text)
    DMA2_Channel1_IRQHandler                 0x0800015f   Thumb Code     0  startup_stm32f10x_hd.o(.text)
    DMA2_Channel2_IRQHandler                 0x0800015f   Thumb Code     0  startup_stm32f10x_hd.o(.text)
    DMA2_Channel3_IRQHandler                 0x0800015f   Thumb Code     0  startup_stm32f10x_hd.o(.text)
    DMA2_Channel4_5_IRQHandler               0x0800015f   Thumb Code     0  startup_stm32f10x_hd.o(.text)
    EXTI0_IRQHandler                         0x0800015f   Thumb Code     0  startup_stm32f10x_hd.o(.text)
    EXTI15_10_IRQHandler                     0x0800015f   Thumb Code     0  startup_stm32f10x_hd.o(.text)
    EXTI1_IRQHandler                         0x0800015f   Thumb Code     0  startup_stm32f10x_hd.o(.text)
    EXTI2_IRQHandler                         0x0800015f   Thumb Code     0  startup_stm32f10x_hd.o(.text)
    EXTI3_IRQHandler                         0x0800015f   Thumb Code     0  startup_stm32f10x_hd.o(.text)
    EXTI4_IRQHandler                         0x0800015f   Thumb Code     0  startup_stm32f10x_hd.o(.text)
    EXTI9_5_IRQHandler                       0x0800015f   Thumb Code     0  startup_stm32f10x_hd.o(.text)
    FLASH_IRQHandler                         0x0800015f   Thumb Code     0  startup_stm32f10x_hd.o(.text)
    FSMC_IRQHandler                          0x0800015f   Thumb Code     0  startup_stm32f10x_hd.o(.text)
    I2C1_ER_IRQHandler                       0x0800015f   Thumb Code     0  startup_stm32f10x_hd.o(.text)
    I2C1_EV_IRQHandler                       0x0800015f   Thumb Code     0  startup_stm32f10x_hd.o(.text)
    I2C2_ER_IRQHandler                       0x0800015f   Thumb Code     0  startup_stm32f10x_hd.o(.text)
    I2C2_EV_IRQHandler                       0x0800015f   Thumb Code     0  startup_stm32f10x_hd.o(.text)
    PVD_IRQHandler                           0x0800015f   Thumb Code     0  startup_stm32f10x_hd.o(.text)
    RCC_IRQHandler                           0x0800015f   Thumb Code     0  startup_stm32f10x_hd.o(.text)
    RTCAlarm_IRQHandler                      0x0800015f   Thumb Code     0  startup_stm32f10x_hd.o(.text)
    RTC_IRQHandler                           0x0800015f   Thumb Code     0  startup_stm32f10x_hd.o(.text)
    SDIO_IRQHandler                          0x0800015f   Thumb Code     0  startup_stm32f10x_hd.o(.text)
    SPI1_IRQHandler                          0x0800015f   Thumb Code     0  startup_stm32f10x_hd.o(.text)
    SPI2_IRQHandler                          0x0800015f   Thumb Code     0  startup_stm32f10x_hd.o(.text)
    SPI3_IRQHandler                          0x0800015f   Thumb Code     0  startup_stm32f10x_hd.o(.text)
    TAMPER_IRQHandler                        0x0800015f   Thumb Code     0  startup_stm32f10x_hd.o(.text)
    TIM1_BRK_IRQHandler                      0x0800015f   Thumb Code     0  startup_stm32f10x_hd.o(.text)
    TIM1_CC_IRQHandler                       0x0800015f   Thumb Code     0  startup_stm32f10x_hd.o(.text)
    TIM1_TRG_COM_IRQHandler                  0x0800015f   Thumb Code     0  startup_stm32f10x_hd.o(.text)
    TIM1_UP_IRQHandler                       0x0800015f   Thumb Code     0  startup_stm32f10x_hd.o(.text)
    TIM2_IRQHandler                          0x0800015f   Thumb Code     0  startup_stm32f10x_hd.o(.text)
    TIM3_IRQHandler                          0x0800015f   Thumb Code     0  startup_stm32f10x_hd.o(.text)
    TIM4_IRQHandler                          0x0800015f   Thumb Code     0  startup_stm32f10x_hd.o(.text)
    TIM5_IRQHandler                          0x0800015f   Thumb Code     0  startup_stm32f10x_hd.o(.text)
    TIM6_IRQHandler                          0x0800015f   Thumb Code     0  startup_stm32f10x_hd.o(.text)
    TIM7_IRQHandler                          0x0800015f   Thumb Code     0  startup_stm32f10x_hd.o(.text)
    TIM8_BRK_IRQHandler                      0x0800015f   Thumb Code     0  startup_stm32f10x_hd.o(.text)
    TIM8_CC_IRQHandler                       0x0800015f   Thumb Code     0  startup_stm32f10x_hd.o(.text)
    TIM8_TRG_COM_IRQHandler                  0x0800015f   Thumb Code     0  startup_stm32f10x_hd.o(.text)
    TIM8_UP_IRQHandler                       0x0800015f   Thumb Code     0  startup_stm32f10x_hd.o(.text)
    UART4_IRQHandler                         0x0800015f   Thumb Code     0  startup_stm32f10x_hd.o(.text)
    UART5_IRQHandler                         0x0800015f   Thumb Code     0  startup_stm32f10x_hd.o(.text)
    USART1_IRQHandler                        0x0800015f   Thumb Code     0  startup_stm32f10x_hd.o(.text)
    USART2_IRQHandler                        0x0800015f   Thumb Code     0  startup_stm32f10x_hd.o(.text)
    USART3_IRQHandler                        0x0800015f   Thumb Code     0  startup_stm32f10x_hd.o(.text)
    USBWakeUp_IRQHandler                     0x0800015f   Thumb Code     0  startup_stm32f10x_hd.o(.text)
    USB_HP_CAN1_TX_IRQHandler                0x0800015f   Thumb Code     0  startup_stm32f10x_hd.o(.text)
    USB_LP_CAN1_RX0_IRQHandler               0x0800015f   Thumb Code     0  startup_stm32f10x_hd.o(.text)
    WWDG_IRQHandler                          0x0800015f   Thumb Code     0  startup_stm32f10x_hd.o(.text)
    main                                     0x08000169   Thumb Code    96  main.o(.text)
    NMI_Handler                              0x080001f5   Thumb Code     2  stm32f10x_it.o(.text)
    HardFault_Handler                        0x080001f7   Thumb Code     4  stm32f10x_it.o(.text)
    MemManage_Handler                        0x080001fb   Thumb Code     4  stm32f10x_it.o(.text)
    BusFault_Handler                         0x080001ff   Thumb Code     4  stm32f10x_it.o(.text)
    UsageFault_Handler                       0x08000203   Thumb Code     4  stm32f10x_it.o(.text)
    SVC_Handler                              0x08000207   Thumb Code     2  stm32f10x_it.o(.text)
    DebugMon_Handler                         0x08000209   Thumb Code     2  stm32f10x_it.o(.text)
    PendSV_Handler                           0x0800020b   Thumb Code     2  stm32f10x_it.o(.text)
    SysTick_Handler                          0x0800020d   Thumb Code     2  stm32f10x_it.o(.text)
    GPIO_DeInit                              0x08000211   Thumb Code   172  stm32f10x_gpio.o(.text)
    GPIO_AFIODeInit                          0x080002bd   Thumb Code    20  stm32f10x_gpio.o(.text)
    GPIO_Init                                0x080002d1   Thumb Code   274  stm32f10x_gpio.o(.text)
    GPIO_StructInit                          0x080003e3   Thumb Code    16  stm32f10x_gpio.o(.text)
    GPIO_ReadInputDataBit                    0x080003f3   Thumb Code    18  stm32f10x_gpio.o(.text)
    GPIO_ReadInputData                       0x08000405   Thumb Code     8  stm32f10x_gpio.o(.text)
    GPIO_ReadOutputDataBit                   0x0800040d   Thumb Code    18  stm32f10x_gpio.o(.text)
    GPIO_ReadOutputData                      0x0800041f   Thumb Code     8  stm32f10x_gpio.o(.text)
    GPIO_SetBits                             0x08000427   Thumb Code     4  stm32f10x_gpio.o(.text)
    GPIO_ResetBits                           0x0800042b   Thumb Code     4  stm32f10x_gpio.o(.text)
    GPIO_WriteBit                            0x0800042f   Thumb Code    10  stm32f10x_gpio.o(.text)
    GPIO_Write                               0x08000439   Thumb Code     4  stm32f10x_gpio.o(.text)
    GPIO_PinLockConfig                       0x0800043d   Thumb Code    18  stm32f10x_gpio.o(.text)
    GPIO_EventOutputConfig                   0x0800044f   Thumb Code    26  stm32f10x_gpio.o(.text)
    GPIO_EventOutputCmd                      0x08000469   Thumb Code     6  stm32f10x_gpio.o(.text)
    GPIO_PinRemapConfig                      0x0800046f   Thumb Code   138  stm32f10x_gpio.o(.text)
    GPIO_EXTILineConfig                      0x080004f9   Thumb Code    66  stm32f10x_gpio.o(.text)
    GPIO_ETH_MediaInterfaceConfig            0x0800053b   Thumb Code     6  stm32f10x_gpio.o(.text)
    RCC_DeInit                               0x08000569   Thumb Code    64  stm32f10x_rcc.o(.text)
    RCC_HSEConfig                            0x080005a9   Thumb Code    70  stm32f10x_rcc.o(.text)
    RCC_GetFlagStatus                        0x080005ef   Thumb Code    56  stm32f10x_rcc.o(.text)
    RCC_WaitForHSEStartUp                    0x08000627   Thumb Code    48  stm32f10x_rcc.o(.text)
    RCC_AdjustHSICalibrationValue            0x08000657   Thumb Code    20  stm32f10x_rcc.o(.text)
    RCC_HSICmd                               0x0800066b   Thumb Code     6  stm32f10x_rcc.o(.text)
    RCC_PLLConfig                            0x08000671   Thumb Code    24  stm32f10x_rcc.o(.text)
    RCC_PLLCmd                               0x08000689   Thumb Code     6  stm32f10x_rcc.o(.text)
    RCC_SYSCLKConfig                         0x0800068f   Thumb Code    18  stm32f10x_rcc.o(.text)
    RCC_GetSYSCLKSource                      0x080006a1   Thumb Code    10  stm32f10x_rcc.o(.text)
    RCC_HCLKConfig                           0x080006ab   Thumb Code    18  stm32f10x_rcc.o(.text)
    RCC_PCLK1Config                          0x080006bd   Thumb Code    18  stm32f10x_rcc.o(.text)
    RCC_PCLK2Config                          0x080006cf   Thumb Code    20  stm32f10x_rcc.o(.text)
    RCC_ITConfig                             0x080006e3   Thumb Code    30  stm32f10x_rcc.o(.text)
    RCC_USBCLKConfig                         0x08000701   Thumb Code     6  stm32f10x_rcc.o(.text)
    RCC_ADCCLKConfig                         0x08000707   Thumb Code    18  stm32f10x_rcc.o(.text)
    RCC_LSEConfig                            0x08000719   Thumb Code    44  stm32f10x_rcc.o(.text)
    RCC_LSICmd                               0x08000745   Thumb Code     6  stm32f10x_rcc.o(.text)
    RCC_RTCCLKConfig                         0x0800074b   Thumb Code    12  stm32f10x_rcc.o(.text)
    RCC_RTCCLKCmd                            0x08000757   Thumb Code     6  stm32f10x_rcc.o(.text)
    RCC_GetClocksFreq                        0x0800075d   Thumb Code   192  stm32f10x_rcc.o(.text)
    RCC_AHBPeriphClockCmd                    0x0800081d   Thumb Code    26  stm32f10x_rcc.o(.text)
    RCC_APB2PeriphClockCmd                   0x08000837   Thumb Code    26  stm32f10x_rcc.o(.text)
    RCC_APB1PeriphClockCmd                   0x08000851   Thumb Code    26  stm32f10x_rcc.o(.text)
    RCC_APB2PeriphResetCmd                   0x0800086b   Thumb Code    26  stm32f10x_rcc.o(.text)
    RCC_APB1PeriphResetCmd                   0x08000885   Thumb Code    26  stm32f10x_rcc.o(.text)
    RCC_BackupResetCmd                       0x0800089f   Thumb Code     6  stm32f10x_rcc.o(.text)
    RCC_ClockSecuritySystemCmd               0x080008a5   Thumb Code     6  stm32f10x_rcc.o(.text)
    RCC_MCOConfig                            0x080008ab   Thumb Code     6  stm32f10x_rcc.o(.text)
    RCC_ClearFlag                            0x080008b1   Thumb Code    14  stm32f10x_rcc.o(.text)
    RCC_GetITStatus                          0x080008bf   Thumb Code    20  stm32f10x_rcc.o(.text)
    RCC_ClearITPendingBit                    0x080008d3   Thumb Code     6  stm32f10x_rcc.o(.text)
    FSMC_NORSRAMDeInit                       0x0800090d   Thumb Code    56  stm32f10x_fsmc.o(.text)
    FSMC_NANDDeInit                          0x08000945   Thumb Code    62  stm32f10x_fsmc.o(.text)
    FSMC_PCCARDDeInit                        0x08000983   Thumb Code    40  stm32f10x_fsmc.o(.text)
    FSMC_NORSRAMInit                         0x080009ab   Thumb Code   224  stm32f10x_fsmc.o(.text)
    FSMC_NANDInit                            0x08000a8b   Thumb Code   130  stm32f10x_fsmc.o(.text)
    FSMC_PCCARDInit                          0x08000b0d   Thumb Code   124  stm32f10x_fsmc.o(.text)
    FSMC_NORSRAMStructInit                   0x08000b89   Thumb Code   114  stm32f10x_fsmc.o(.text)
    FSMC_NANDStructInit                      0x08000bfb   Thumb Code    54  stm32f10x_fsmc.o(.text)
    FSMC_PCCARDStructInit                    0x08000c31   Thumb Code    60  stm32f10x_fsmc.o(.text)
    FSMC_NORSRAMCmd                          0x08000c6d   Thumb Code    46  stm32f10x_fsmc.o(.text)
    FSMC_NANDCmd                             0x08000c9b   Thumb Code    86  stm32f10x_fsmc.o(.text)
    FSMC_PCCARDCmd                           0x08000cf1   Thumb Code    40  stm32f10x_fsmc.o(.text)
    FSMC_NANDECCCmd                          0x08000d19   Thumb Code   118  stm32f10x_fsmc.o(.text)
    FSMC_GetECC                              0x08000d8f   Thumb Code    22  stm32f10x_fsmc.o(.text)
    FSMC_ITConfig                            0x08000da5   Thumb Code   128  stm32f10x_fsmc.o(.text)
    FSMC_GetFlagStatus                       0x08000e25   Thumb Code    48  stm32f10x_fsmc.o(.text)
    FSMC_ClearFlag                           0x08000e55   Thumb Code    62  stm32f10x_fsmc.o(.text)
    FSMC_GetITStatus                         0x08000e93   Thumb Code    60  stm32f10x_fsmc.o(.text)
    FSMC_ClearITPendingBit                   0x08000ecf   Thumb Code    64  stm32f10x_fsmc.o(.text)
    NVIC_PriorityGroupConfig                 0x08000f25   Thumb Code    10  misc.o(.text)
    NVIC_Init                                0x08000f2f   Thumb Code   118  misc.o(.text)
    NVIC_SetVectorTable                      0x08000fa5   Thumb Code    12  misc.o(.text)
    NVIC_SystemLPConfig                      0x08000fb1   Thumb Code    38  misc.o(.text)
    SysTick_CLKSourceConfig                  0x08000fd7   Thumb Code    40  misc.o(.text)
    SystemInit                               0x080010e5   Thumb Code    78  system_stm32f10x.o(.text)
    SystemCoreClockUpdate                    0x08001133   Thumb Code   142  system_stm32f10x.o(.text)
    LCD_WR_REG                               0x080011e5   Thumb Code     6  lcd.o(.text)
    LCD_WR_DATA                              0x080011eb   Thumb Code     6  lcd.o(.text)
    LCD_RD_DATA                              0x080011f1   Thumb Code     6  lcd.o(.text)
    LCD_WriteReg                             0x080011f7   Thumb Code    14  lcd.o(.text)
    LCD_ReadReg                              0x08001205   Thumb Code    22  lcd.o(.text)
    LCD_WriteRAM_Prepare                     0x0800121b   Thumb Code    10  lcd.o(.text)
    LCD_WriteRAM                             0x08001225   Thumb Code     6  lcd.o(.text)
    LCD_BGR2RGB                              0x0800122b   Thumb Code    26  lcd.o(.text)
    opt_delay                                0x08001245   Thumb Code    14  lcd.o(.text)
    LCD_SetCursor                            0x08001253   Thumb Code   262  lcd.o(.text)
    LCD_ReadPoint                            0x08001359   Thumb Code   348  lcd.o(.text)
    LCD_DisplayOn                            0x080014b5   Thumb Code    80  lcd.o(.text)
    LCD_DisplayOff                           0x08001505   Thumb Code    78  lcd.o(.text)
    LCD_Scan_Dir                             0x08001553   Thumb Code   724  lcd.o(.text)
    LCD_DrawPoint                            0x08001827   Thumb Code    28  lcd.o(.text)
    LCD_Fast_DrawPoint                       0x08001843   Thumb Code   280  lcd.o(.text)
    LCD_Display_Dir                          0x0800195b   Thumb Code   440  lcd.o(.text)
    LCD_Set_Window                           0x08001b13   Thumb Code   422  lcd.o(.text)
    LCD_Init                                 0x08001cb9   Thumb Code 14042  lcd.o(.text)
    LCD_Clear                                0x08005393   Thumb Code   102  lcd.o(.text)
    LCD_Fill                                 0x080053f9   Thumb Code   190  lcd.o(.text)
    LCD_Color_Fill                           0x080054b7   Thumb Code    94  lcd.o(.text)
    LCD_DrawLine                             0x08005515   Thumb Code   176  lcd.o(.text)
    LCD_DrawRectangle                        0x080055c5   Thumb Code    60  lcd.o(.text)
    Draw_Circle                              0x08005601   Thumb Code   152  lcd.o(.text)
    LCD_ShowChar                             0x08005699   Thumb Code   344  lcd.o(.text)
    LCD_Pow                                  0x080057f1   Thumb Code    22  lcd.o(.text)
    LCD_ShowNum                              0x08005807   Thumb Code   152  lcd.o(.text)
    LCD_ShowxNum                             0x0800589f   Thumb Code   222  lcd.o(.text)
    LCD_ShowString                           0x0800597d   Thumb Code   102  lcd.o(.text)
    NVIC_Configuration                       0x080059e3   Thumb Code    12  sys.o(.text)
    delay_us                                 0x080059ef   Thumb Code    52  systick.o(.text)
    delay_ms                                 0x08005a23   Thumb Code    54  systick.o(.text)
    __scatterload                            0x08005a59   Thumb Code    28  init.o(.text)
    __scatterload_rt2                        0x08005a59   Thumb Code     0  init.o(.text)
    __scatterload_copy                       0x08005a7d   Thumb Code    14  handlers.o(i.__scatterload_copy)
    __scatterload_null                       0x08005a8b   Thumb Code     2  handlers.o(i.__scatterload_null)
    __scatterload_zeroinit                   0x08005a8d   Thumb Code    14  handlers.o(i.__scatterload_zeroinit)
    asc2_1206                                0x08005a9a   Data        1140  lcd.o(.constdata)
    asc2_1608                                0x08005f0e   Data        1520  lcd.o(.constdata)
    Region$$Table$$Base                      0x08006500   Number         0  anon$$obj.o(Region$$Table)
    Region$$Table$$Limit                     0x08006520   Number         0  anon$$obj.o(Region$$Table)
    SystemCoreClock                          0x20000014   Data           4  system_stm32f10x.o(.data)
    AHBPrescTable                            0x20000018   Data          16  system_stm32f10x.o(.data)
    POINT_COLOR                              0x20000028   Data           2  lcd.o(.data)
    BACK_COLOR                               0x2000002a   Data           2  lcd.o(.data)
    lcddev                                   0x2000002c   Data          14  lcd.o(.bss)
    __initial_sp                             0x20000440   Data           0  startup_stm32f10x_hd.o(STACK)



==============================================================================

Memory Map of the image

  Image Entry point : 0x08000131

  Load Region LR_IROM1 (Base: 0x08000000, Size: 0x0000654c, Max: 0x00080000, ABSOLUTE)

    Execution Region ER_IROM1 (Base: 0x08000000, Size: 0x00006520, Max: 0x00080000, ABSOLUTE)

    Base Addr    Size         Type   Attr      Idx    E Section Name        Object

    0x08000000   0x00000130   Data   RO            3    RESET               startup_stm32f10x_hd.o
    0x08000130   0x00000000   Code   RO          262  * .ARM.Collect$$$$00000000  mc_w.l(entry.o)(mc_w.l)
    0x08000130   0x00000004   Code   RO          265    .ARM.Collect$$$$00000001  mc_w.l(entry2.o)(mc_w.l)
    0x08000134   0x00000004   Code   RO          268    .ARM.Collect$$$$00000004  mc_w.l(entry5.o)(mc_w.l)
    0x08000138   0x00000008   Code   RO          269    .ARM.Collect$$$$00000007  mc_w.l(entry7.o)(mc_w.l)
    0x08000140   0x00000004   Code   RO          266    .ARM.Collect$$$$00002712  mc_w.l(entry2.o)(mc_w.l)
    0x08000144   0x00000024   Code   RO            4    .text               startup_stm32f10x_hd.o
    0x08000168   0x0000008c   Code   RO           10    .text               main.o
    0x080001f4   0x0000001a   Code   RO          119    .text               stm32f10x_it.o
    0x0800020e   0x00000002   PAD
    0x08000210   0x00000358   Code   RO          134    .text               stm32f10x_gpio.o
    0x08000568   0x000003a4   Code   RO          146    .text               stm32f10x_rcc.o
    0x0800090c   0x00000618   Code   RO          160    .text               stm32f10x_fsmc.o
    0x08000f24   0x000000f8   Code   RO          172    .text               misc.o
    0x0800101c   0x000001c8   Code   RO          194    .text               system_stm32f10x.o
    0x080011e4   0x000047fe   Code   RO          212    .text               lcd.o
    0x080059e2   0x0000000c   Code   RO          238    .text               sys.o
    0x080059ee   0x0000006a   Code   RO          250    .text               systick.o
    0x08005a58   0x00000024   Code   RO          270    .text               mc_w.l(init.o)(mc_w.l)
    0x08005a7c   0x0000000e   Code   RO          274    i.__scatterload_copy  mc_w.l(handlers.o)(mc_w.l)
    0x08005a8a   0x00000002   Code   RO          275    i.__scatterload_null  mc_w.l(handlers.o)(mc_w.l)
    0x08005a8c   0x0000000e   Code   RO          276    i.__scatterload_zeroinit  mc_w.l(handlers.o)(mc_w.l)
    0x08005a9a   0x00000a64   Data   RO          214    .constdata          lcd.o
    0x080064fe   0x00000002   PAD
    0x08006500   0x00000020   Data   RO          272    Region$$Table       anon$$obj.o


    Execution Region RW_IRAM1 (Base: 0x20000000, Size: 0x00000440, Max: 0x00010000, ABSOLUTE)

    Base Addr    Size         Type   Attr      Idx    E Section Name        Object

    0x20000000   0x00000014   Data   RW          147    .data               stm32f10x_rcc.o
    0x20000014   0x00000014   Data   RW          195    .data               system_stm32f10x.o
    0x20000028   0x00000004   Data   RW          215    .data               lcd.o
    0x2000002c   0x0000000e   Zero   RW          213    .bss                lcd.o
    0x2000003a   0x00000006   PAD
    0x20000040   0x00000400   Zero   RW            1    STACK               startup_stm32f10x_hd.o


==============================================================================

Image component sizes


      Code (inc. data)   RO Data    RW Data    ZI Data      Debug   Object Name

     18430        138       2660          4         14          0   lcd.o
       140         44          0          0          0          0   main.o
       248         30          0          0          0          0   misc.o
        36          8        304          0       1024          0   startup_stm32f10x_hd.o
      1560         54          0          0          0          0   stm32f10x_fsmc.o
       856         40          0          0          0          0   stm32f10x_gpio.o
        26          0          0          0          0          0   stm32f10x_it.o
       932         52          0         20          0          0   stm32f10x_rcc.o
        12          0          0          0          0          0   sys.o
       456         36          0         20          0          0   system_stm32f10x.o
       106          0          0          0          0          0   systick.o

    ----------------------------------------------------------------------
     22804        402       2998         44       1044          0   Object Totals
         0          0         32          0          0          0   (incl. Generated)
         2          0          2          0          6          3   (incl. Padding)

    ----------------------------------------------------------------------

      Code (inc. data)   RO Data    RW Data    ZI Data      Debug   Library Member Name

         0          0          0          0          0          0   entry.o
         8          4          0          0          0          0   entry2.o
         4          0          0          0          0          0   entry5.o
         8          4          0          0          0          0   entry7.o
        30          0          0          0          0          0   handlers.o
        36          8          0          0          0          0   init.o

    ----------------------------------------------------------------------
        86         16          0          0          0          0   Library Totals
         0          0          0          0          0          0   (incl. Padding)

    ----------------------------------------------------------------------

      Code (inc. data)   RO Data    RW Data    ZI Data      Debug   Library Name

        86         16          0          0          0         68   mc_w.l

    ----------------------------------------------------------------------
        86         16          0          0          0          0   Library Totals

    ----------------------------------------------------------------------

==============================================================================


      Code (inc. data)   RO Data    RW Data    ZI Data      Debug   

     22890        418       2998         44       1044     281056   Grand Totals
     22890        418       2998         44       1044     281056   ELF Image Totals
     22890        418       2998         44          0          0   ROM Totals

==============================================================================

    Total RO  Size (Code + RO Data)                25888 (  25.28kB)
    Total RW  Size (RW Data + ZI Data)              1088 (   1.06kB)
    Total ROM Size (Code + RO Data + RW Data)      25932 (  25.32kB)

==============================================================================

